Microchip MPLAB XC8 Compiler V1.42 ()

Linker command line:

--edf=C:\Program Files (x86)\Microchip\xc8\v1.42\dat\en_msgs.txt -cs \
  -h+dist/default/production\TP_N_6_p_B.X.production.sym \
  --cmf=dist/default/production\TP_N_6_p_B.X.production.cmf -z -Q18F4550 \
  -oC:\Users\LEANDR~1\AppData\Local\Temp\s9b8.2 \
  -Mdist/default/production/TP_N_6_p_B.X.production.map -E1 -ver=XC8 \
  -ASTACK=068h-07ffh -pstack=STACK \
  -ACODE=02000h-02005h,02008h-02015h,02018h-07FFFh \
  -ACONST=02000h-02005h,02008h-02015h,02018h-07FFFh \
  -ASMALLCONST=02000h-02005h,02008h-02015h,02018h-020FFh,02100h-021FFhx95 \
  -AMEDIUMCONST=02000h-02005h,02008h-02015h,02018h-07FFFh -ACOMRAM=01h-05Fh \
  -AABS1=00h-07FFh -ABIGRAM=01h-07FFh -ARAM=060h-0FFh,0100h-01FFhx7 \
  -ABANK0=060h-0FFh -ABANK1=0100h-01FFh -ABANK2=0200h-02FFh \
  -ABANK3=0300h-03FFh -ABANK4=0400h-04FFh -ABANK5=0500h-05FFh \
  -ABANK6=0600h-06FFh -ABANK7=0700h-07FFh -ASFR=0F60h-0FFFh \
  -preset_vec=02000h,intcode=02008h,intcodelo,powerup,init -pramtop=0800h \
  -psmallconst=SMALLCONST -pmediumconst=MEDIUMCONST -pconst=CONST \
  -AFARRAM=00h-00h -ACONFIG=0300000h-030000Dh -pconfig=CONFIG \
  -AIDLOC=0200000h-0200007h -pidloc=IDLOC -AEEDATA=0F00000h-0F000FFh \
  -peeprom_data=EEDATA \
  -prdata=COMRAM,nvrram=COMRAM,nvbit=COMRAM,rbss=COMRAM,rbit=COMRAM \
  -pfarbss=FARRAM,fardata=FARRAM,nvFARRAM=FARRAM \
  -pintsave_regs=BIGRAM,bigbss=BIGRAM,bigdata=BIGRAM -pbss=RAM \
  -pidata=CODE,irdata=CODE,ibigdata=CODE,ifardata=CODE -prparam=COMRAM \
  C:\Users\LEANDR~1\AppData\Local\Temp\s9b8.obj \
  dist/default/production\TP_N_6_p_B.X.production.obj 

Object code version is 3.11

Machine type is 18F4550

Call graph: (short form)




                Name                               Link     Load   Length Selector   Space Scale
C:\Users\LEANDR~1\AppData\Local\Temp\s9b8.obj
                init                               200E     200E        4     1004       0
                reset_vec                          2000     2000        4     1000       0
                idloc                            200000   200000        8   200000       0
                config                           300000   300000        E   300000       0
dist/default/production\TP_N_6_p_B.X.production.obj
                intcode                            2008     2008        6     1004       0
                temp                                 4C       4C        1        1       1
                smallconst                         2018     2018       7E     100C       0
                text23                             798C     798C       10     3CC6       0
                intcode_body                       7C28     7C28       8E     3E14       0
                text21                             7D44     7D44       94     3EA2       0
                text20                             7AC4     7AC4       3A     3D62       0
                text19                             7A42     7A42       28     3D21       0
                text18                             79FC     79FC       20     3CFE       0
                text17                             7962     7962        E     3CB1       0
                text16                             7A96     7A96       2E     3D4B       0
                text15                             7970     7970        E     3CB8       0
                text14                             799C     799C       10     3CCE       0
                text13                             7A1C     7A1C       26     3D0E       0
                text12                             7CB6     7CB6       8E     3E5B       0
                text11                             7A6A     7A6A       2C     3D35       0
                text10                             79AC     79AC       18     3CD6       0
                text9                              793C     793C        C     3C9E       0
                text8                              7948     7948        C     3CA4       0
                text7                              79C4     79C4       1A     3CE2       0
                text6                              7B7A     7B7A       52     3DBD       0
                text5                              7B38     7B38       42     3D9C       0
                text4                              797E     797E        E     3CBF       0
                text3                              7EE0     7EE0      120     3F70       0
                text2                              7DD8     7DD8      108     3EEC       0
                text1                              7BCC     7BCC       5C     3DE6       0
                text0                              79DE     79DE       1E     3CEF       0
                cstackCOMRAM                         23       23       1A        1       1
                cstackBANK0                          60       60        8       60       1
                dataCOMRAM                           3D       3D        D        1       1
                bssCOMRAM                             1        1       22        1       1
                cinit                              7AFE     7AFE       3A     3D7F       0
                nvCOMRAM                             4A       4A        2        1       1
                idataCOMRAM                        7955     7955        D     7955       0

TOTAL           Name                               Link     Load   Length     Space
        CLASS   STACK          

        CLASS   CODE           
                intcode                            2008     2008        6         0
                init                               200E     200E        4         0
                reset_vec                          2000     2000        4         0
                text23                             798C     798C       10         0
                intcode_body                       7C28     7C28       8E         0
                text21                             7D44     7D44       94         0
                text20                             7AC4     7AC4       3A         0
                text19                             7A42     7A42       28         0
                text18                             79FC     79FC       20         0
                text17                             7962     7962        E         0
                text16                             7A96     7A96       2E         0
                text15                             7970     7970        E         0
                text14                             799C     799C       10         0
                text13                             7A1C     7A1C       26         0
                text12                             7CB6     7CB6       8E         0
                text11                             7A6A     7A6A       2C         0
                text10                             79AC     79AC       18         0
                text9                              793C     793C        C         0
                text8                              7948     7948        C         0
                text7                              79C4     79C4       1A         0
                text6                              7B7A     7B7A       52         0
                text5                              7B38     7B38       42         0
                text4                              797E     797E        E         0
                text3                              7EE0     7EE0      120         0
                text2                              7DD8     7DD8      108         0
                text1                              7BCC     7BCC       5C         0
                text0                              79DE     79DE       1E         0
                cinit                              7AFE     7AFE       3A         0
                idataCOMRAM                        7955     7955        D         0

        CLASS   CONST          

        CLASS   SMALLCONST     
                smallconst                         2018     2018       7E         0

        CLASS   MEDIUMCONST    

        CLASS   COMRAM         
                temp                                 4C       4C        1         1
                cstackCOMRAM                         23       23       1A         1
                dataCOMRAM                           3D       3D        D         1
                bssCOMRAM                             1        1       22         1
                nvCOMRAM                             4A       4A        2         1

        CLASS   ABS1           

        CLASS   BIGRAM         

        CLASS   RAM            

        CLASS   BANK0          
                cstackBANK0                          60       60        8         1

        CLASS   BANK1          

        CLASS   BANK2          

        CLASS   BANK3          

        CLASS   BANK4          

        CLASS   BANK5          

        CLASS   BANK6          

        CLASS   BANK7          

        CLASS   SFR            

        CLASS   FARRAM         

        CLASS   CONFIG         
                config                           300000   300000        E         0

        CLASS   IDLOC          
                idloc                            200000   200000        8         0

        CLASS   EEDATA         



SEGMENTS        Name                           Load    Length   Top    Selector   Space  Class

                bssCOMRAM                      000001  00004C  00004D         1       1  COMRAM  
                cstackBANK0                    000060  000008  000068        60       1  BANK0   
                reset_vec                      002000  000004  002004      1000       0  CODE    
                intcode                        002008  00000A  002012      1004       0  CODE    
                smallconst                     002018  00007E  002096      100C       0  SMALLCON
                text9                          00793C  00000C  007948      3C9E       0  CODE    
                text8                          007948  00000C  007954      3CA4       0  CODE    
                idataCOMRAM                    007955  00000D  007962      7955       0  CODE    
                text17                         007962  00000E  007970      3CB1       0  CODE    
                text15                         007970  00000E  00797E      3CB8       0  CODE    
                text4                          00797E  00000E  00798C      3CBF       0  CODE    
                text23                         00798C  000010  00799C      3CC6       0  CODE    
                text14                         00799C  000010  0079AC      3CCE       0  CODE    
                text10                         0079AC  000018  0079C4      3CD6       0  CODE    
                text7                          0079C4  00001A  0079DE      3CE2       0  CODE    
                text0                          0079DE  00001E  0079FC      3CEF       0  CODE    
                text18                         0079FC  000020  007A1C      3CFE       0  CODE    
                text13                         007A1C  000026  007A42      3D0E       0  CODE    
                text19                         007A42  000028  007A6A      3D21       0  CODE    
                text11                         007A6A  00002C  007A96      3D35       0  CODE    
                text16                         007A96  00002E  007AC4      3D4B       0  CODE    
                text20                         007AC4  00003A  007AFE      3D62       0  CODE    
                cinit                          007AFE  00003A  007B38      3D7F       0  CODE    
                text5                          007B38  000042  007B7A      3D9C       0  CODE    
                text6                          007B7A  000052  007BCC      3DBD       0  CODE    
                text1                          007BCC  00005C  007C28      3DE6       0  CODE    
                intcode_body                   007C28  00008E  007CB6      3E14       0  CODE    
                text12                         007CB6  00008E  007D44      3E5B       0  CODE    
                text21                         007D44  000094  007DD8      3EA2       0  CODE    
                text2                          007DD8  000108  007EE0      3EEC       0  CODE    
                text3                          007EE0  000120  008000      3F70       0  CODE    
                idloc                          200000  000008  200008    200000       0  IDLOC   
                config                         300000  00000E  30000E    300000       0  CONFIG  


UNUSED ADDRESS RANGES

        Name                Unused          Largest block    Delta
        BANK0            000068-0000FF               98
        BANK1            000100-0001FF              100
        BANK2            000200-0002FF              100
        BANK3            000300-0003FF              100
        BANK4            000400-0004FF              100
        BANK5            000500-0005FF              100
        BANK6            000600-0006FF              100
        BANK7            000700-0007FF              100
        BIGRAM           00004D-00005F               13
                         000068-0007FF              798
        CODE             002004-002005                2
                         002012-002015                4
                         002096-00793B             58A6
                         007954-007954                1
        COMRAM           00004D-00005F               13
        CONST            002004-002005                2
                         002012-002015                4
                         002096-00793B             58A6
                         007954-007954                1
        EEDATA           F00000-F000FF              100
        FARRAM           000000-000000                1
        MEDIUMCONST      002004-002005                2
                         002012-002015                4
                         002096-00793B             58A6
                         007954-007954                1
        RAM              000068-0007FF              100
        SFR              000F60-000FFF               A0
        SMALLCONST       002004-002005                2
                         002012-002015                4
                         002096-00793B              100
                         007954-007954                1
        STACK            000068-0007FF              798

                                  Symbol Table

?___lwdiv                  cstackCOMRAM 000036
?___lwmod                  cstackCOMRAM 000031
Botones13@Estado_BOT       bssCOMRAM    00001D
Leds13@i                   dataCOMRAM   000046
Send4Disp@Nro_Disp         dataCOMRAM   000045
_ADCON0bits                (abs)        000FC2
_ADCON1                    (abs)        000FC1
_ADCON2                    (abs)        000FC0
_ADRESH                    (abs)        000FC4
_BAUDCONbits               (abs)        000FB8
_CCP1CONbits               (abs)        000FBD
_CCPR1L                    (abs)        000FBE
_CMCON                     (abs)        000FB4
_EEADR                     (abs)        000FA9
_EECON1bits                (abs)        000FA6
_EECON2                    (abs)        000FA7
_EEDATA                    (abs)        000FA8
_EstadoDeLosBotones        bssCOMRAM    000020
_INT0IE                    (abs)        007F94
_INT0IF                    (abs)        007F91
_INT1IE                    (abs)        007F83
_INT1IF                    (abs)        007F80
_INTCON2bits               (abs)        000FF1
_INTCON3bits               (abs)        000FF0
_INTCONbits                (abs)        000FF2
_LATA                      (abs)        000F89
_LATAbits                  (abs)        000F89
_LATB                      (abs)        000F8A
_LATBbits                  (abs)        000F8A
_LATC                      (abs)        000F8B
_LATCbits                  (abs)        000F8B
_LATD                      (abs)        000F8C
_LATDbits                  (abs)        000F8C
_LATE                      (abs)        000F8D
_LATEbits                  (abs)        000F8D
_LCD_init                  text12       007CB6
_LCD_tout                  nvCOMRAM     00004A
_LowerByte                 bssCOMRAM    00001C
_MedioPeriodoSet           bssCOMRAM    000003
_Multiplicador             bssCOMRAM    00001B
_MultiplicadorSet          bssCOMRAM    00001A
_OffsetPeriodo             dataCOMRAM   000043
_PIE1bits                  (abs)        000F9D
_PIR1bits                  (abs)        000F9E
_PORTA                     (abs)        000F80
_PORTB                     (abs)        000F81
_PORTBbits                 (abs)        000F81
_PORTD                     (abs)        000F83
_PORTDbits                 (abs)        000F83
_PORTEbits                 (abs)        000F84
_PR2                       (abs)        000FCB
_PicIni21                  text11       007A6A
_RBIE                      (abs)        007F93
_RBIF                      (abs)        007F90
_RBIP                      (abs)        007F88
_RBPU                      (abs)        007F8F
_RCREG                     (abs)        000FAE
_RCSTAbits                 (abs)        000FAB
_SPBRG                     (abs)        000FAF
_SPBRGH                    (abs)        000FB0
_T0CONbits                 (abs)        000FD5
_T1CONbits                 (abs)        000FCD
_T2CONbits                 (abs)        000FCA
_TIMER0_INI                text10       0079AC
_TMR0H                     (abs)        000FD7
_TMR0IF                    (abs)        007F92
_TMR0L                     (abs)        000FD6
_TMR1H                     (abs)        000FCF
_TMR1L                     (abs)        000FCE
_TRISA                     (abs)        000F92
_TRISAbits                 (abs)        000F92
_TRISB                     (abs)        000F93
_TRISBbits                 (abs)        000F93
_TRISC                     (abs)        000F94
_TRISCbits                 (abs)        000F94
_TRISD                     (abs)        000F95
_TRISE                     (abs)        000F96
_TRISEbits                 (abs)        000F96
_TXREG                     (abs)        000FAD
_TXSTAbits                 (abs)        000FAC
_UpperByte                 dataCOMRAM   000044
__CFG_BOR$ON               (abs)        000000
__CFG_BORV$3               (abs)        000000
__CFG_CP0$OFF              (abs)        000000
__CFG_CP1$OFF              (abs)        000000
__CFG_CPB$OFF              (abs)        000000
__CFG_CPUDIV$OSC1_PLL2     (abs)        000000
__CFG_EBTR0$OFF            (abs)        000000
__CFG_EBTR1$OFF            (abs)        000000
__CFG_EBTRB$OFF            (abs)        000000
__CFG_FCMEN$OFF            (abs)        000000
__CFG_FOSC$HSPLL_HS        (abs)        000000
__CFG_IESO$OFF             (abs)        000000
__CFG_LPT1OSC$OFF          (abs)        000000
__CFG_LVP$OFF              (abs)        000000
__CFG_MCLRE$ON             (abs)        000000
__CFG_PBADEN$OFF           (abs)        000000
__CFG_PLLDIV$5             (abs)        000000
__CFG_PWRT$OFF             (abs)        000000
__CFG_STVREN$ON            (abs)        000000
__CFG_USBDIV$2             (abs)        000000
__CFG_VREGEN$ON            (abs)        000000
__CFG_WDT$OFF              (abs)        000000
__CFG_WDTPS$32768          (abs)        000000
__CFG_WRT0$OFF             (abs)        000000
__CFG_WRT1$OFF             (abs)        000000
__CFG_WRTB$OFF             (abs)        000000
__CFG_WRTC$OFF             (abs)        000000
__CFG_XINST$OFF            (abs)        000000
__HRAM                     (abs)        000000
__Habs1                    abs1         000000
__Hbank0                   bank0        000000
__Hbank1                   bank1        000000
__Hbank2                   bank2        000000
__Hbank3                   bank3        000000
__Hbank4                   bank4        000000
__Hbank5                   bank5        000000
__Hbank6                   bank6        000000
__Hbank7                   bank7        000000
__Hbigbss                  bigbss       000000
__Hbigdata                 bigdata      000000
__Hbigram                  bigram       000000
__Hbss                     bss          000000
__HbssCOMRAM               bssCOMRAM    000000
__Hcinit                   cinit        000000
__Hclrtext                 clrtext      000000
__Hcomram                  comram       000000
__Hconfig                  config       30000E
__Hconst                   const        000000
__HcstackBANK0             cstackBANK0  000000
__HcstackCOMRAM            cstackCOMRAM 000000
__Hdata                    data         000000
__HdataCOMRAM              dataCOMRAM   000000
__Heeprom_data             eeprom_data  000000
__Hfarbss                  farbss       000000
__Hfardata                 fardata      000000
__Hibigdata                ibigdata     000000
__Hidata                   idata        000000
__HidataCOMRAM             idataCOMRAM  000000
__Hidloc                   idloc        200008
__Hifardata                ifardata     000000
__Hinit                    init         002012
__Hintcode                 intcode      00200E
__Hintcode_body            intcode_body 000000
__Hintcodelo               intcodelo    00200E
__Hintentry                intentry     000000
__Hintret                  intret       000000
__Hintsave_regs            intsave_regs 000000
__Hirdata                  irdata       000000
__Hmediumconst             mediumconst  000000
__HnvCOMRAM                nvCOMRAM     000000
__HnvFARRAM                nvFARRAM     000000
__Hnvbit                   nvbit        000000
__Hnvrram                  nvrram       000000
__Hparam                   rparam       000000
__Hpowerup                 powerup      00200E
__Hram                     ram          000000
__Hramtop                  ramtop       000800
__Hrbit                    rbit         000000
__Hrbss                    rbss         000000
__Hrdata                   rdata        000000
__Hreset_vec               reset_vec    002004
__Hrparam                  rparam       000000
__Hsfr                     sfr          000000
__Hsmallconst              smallconst   002096
__Hspace_0                 (abs)        30000E
__Hspace_1                 (abs)        000068
__Hspace_2                 (abs)        000000
__Hstack                   stack        000000
__Hstruct                  struct       000000
__Htemp                    temp         00004D
__Htext                    text         000000
__Htext0                   text0        000000
__Htext1                   text1        000000
__Htext10                  text10       000000
__Htext11                  text11       000000
__Htext12                  text12       000000
__Htext13                  text13       000000
__Htext14                  text14       000000
__Htext15                  text15       000000
__Htext16                  text16       000000
__Htext17                  text17       000000
__Htext18                  text18       000000
__Htext19                  text19       000000
__Htext2                   text2        000000
__Htext20                  text20       000000
__Htext21                  text21       000000
__Htext23                  text23       000000
__Htext3                   text3        000000
__Htext4                   text4        000000
__Htext5                   text5        000000
__Htext6                   text6        000000
__Htext7                   text7        000000
__Htext8                   text8        000000
__Htext9                   text9        000000
__LRAM                     (abs)        000001
__Labs1                    abs1         000000
__Lbank0                   bank0        000000
__Lbank1                   bank1        000000
__Lbank2                   bank2        000000
__Lbank3                   bank3        000000
__Lbank4                   bank4        000000
__Lbank5                   bank5        000000
__Lbank6                   bank6        000000
__Lbank7                   bank7        000000
__Lbigbss                  bigbss       000000
__Lbigdata                 bigdata      000000
__Lbigram                  bigram       000000
__Lbss                     bss          000000
__LbssCOMRAM               bssCOMRAM    000000
__Lcinit                   cinit        000000
__Lclrtext                 clrtext      000000
__Lcomram                  comram       000000
__Lconfig                  config       300000
__Lconst                   const        000000
__LcstackBANK0             cstackBANK0  000000
__LcstackCOMRAM            cstackCOMRAM 000000
__Ldata                    data         000000
__LdataCOMRAM              dataCOMRAM   000000
__Leeprom_data             eeprom_data  000000
__Lfarbss                  farbss       000000
__Lfardata                 fardata      000000
__Libigdata                ibigdata     000000
__Lidata                   idata        000000
__LidataCOMRAM             idataCOMRAM  000000
__Lidloc                   idloc        200000
__Lifardata                ifardata     000000
__Linit                    init         00200E
__Lintcode                 intcode      002008
__Lintcode_body            intcode_body 000000
__Lintcodelo               intcodelo    00200E
__Lintentry                intentry     000000
__Lintret                  intret       000000
__Lintsave_regs            intsave_regs 000000
__Lirdata                  irdata       000000
__Lmediumconst             mediumconst  000000
__LnvCOMRAM                nvCOMRAM     000000
__LnvFARRAM                nvFARRAM     000000
__Lnvbit                   nvbit        000000
__Lnvrram                  nvrram       000000
__Lparam                   rparam       000000
__Lpowerup                 powerup      00200E
__Lram                     ram          000000
__Lramtop                  ramtop       000800
__Lrbit                    rbit         000000
__Lrbss                    rbss         000000
__Lrdata                   rdata        000000
__Lreset_vec               reset_vec    002000
__Lrparam                  rparam       000000
__Lsfr                     sfr          000000
__Lsmallconst              smallconst   002018
__Lspace_0                 (abs)        000000
__Lspace_1                 (abs)        000000
__Lspace_2                 (abs)        000000
__Lstack                   stack        000000
__Lstruct                  struct       000000
__Ltemp                    temp         00004C
__Ltext                    text         000000
__Ltext0                   text0        000000
__Ltext1                   text1        000000
__Ltext10                  text10       000000
__Ltext11                  text11       000000
__Ltext12                  text12       000000
__Ltext13                  text13       000000
__Ltext14                  text14       000000
__Ltext15                  text15       000000
__Ltext16                  text16       000000
__Ltext17                  text17       000000
__Ltext18                  text18       000000
__Ltext19                  text19       000000
__Ltext2                   text2        000000
__Ltext20                  text20       000000
__Ltext21                  text21       000000
__Ltext23                  text23       000000
__Ltext3                   text3        000000
__Ltext4                   text4        000000
__Ltext5                   text5        000000
__Ltext6                   text6        000000
__Ltext7                   text7        000000
__Ltext8                   text8        000000
__Ltext9                   text9        000000
__S0                       (abs)        30000E
__S1                       (abs)        000068
__S2                       (abs)        000000
___inthi_sp                stack        000000
___intlo_sp                stack        000000
___lwdiv                   text6        007B7A
___lwdiv@counter           cstackCOMRAM 00003A
___lwdiv@dividend          cstackCOMRAM 000036
___lwdiv@divisor           cstackCOMRAM 000038
___lwdiv@quotient          cstackCOMRAM 00003B
___lwmod                   text5        007B38
___lwmod@counter           cstackCOMRAM 000035
___lwmod@dividend          cstackCOMRAM 000031
___lwmod@divisor           cstackCOMRAM 000033
___param_bank              (abs)        000000
___rparam_used             (abs)        000001
___sp                      stack        000000
__accesstop                (abs)        000060
__activetblptr             (abs)        000002
__end_of_LCD_init          text12       007D44
__end_of_PicIni21          text11       007A96
__end_of_TIMER0_INI        text10       0079C4
__end_of___lwdiv           text6        007BCC
__end_of___lwmod           text5        007B7A
__end_of__initialization   cinit        007B2A
__end_of_char2LCD          text4        00798C
__end_of_clear_LCD         text9        007948
__end_of_configbotones     text21       007DD8
__end_of_contadorf         text20       007AFE
__end_of_cursor            text13       007A42
__end_of_ini               text7        0079DE
__end_of_main              text0        0079FC
__end_of_msg2LCD           text16       007AC4
__end_of_muestreocont      text3        008000
__end_of_muestreomensajes  text2        007EE0
__end_of_myISR             intcode_body 007CB6
__end_of_read_BUSY         text19       007A6A
__end_of_ret_HOME          text8        007954
__end_of_retrasos          text1        007C28
__end_of_set_CURSOR        text14       0079AC
__end_of_teclas            smallconst   002025
__end_of_tic_LCD           text23       00799C
__end_of_write_CMD         text15       00797E
__end_of_write_DATA        text17       007970
__end_of_write_LCD         text18       007A1C
__initialization           cinit        007AFE
__mediumconst              mediumconst  000000
__pbssCOMRAM               bssCOMRAM    000001
__pcinit                   cinit        007AFE
__pcstackBANK0             cstackBANK0  000060
__pcstackCOMRAM            cstackCOMRAM 000023
__pdataCOMRAM              dataCOMRAM   00003D
__pidataCOMRAM             idataCOMRAM  007955
__pintcode                 intcode      002008
__pintcode_body            intcode_body 007C28
__pnvCOMRAM                nvCOMRAM     00004A
__psmallconst              smallconst   002018
__ptext0                   text0        0079DE
__ptext1                   text1        007BCC
__ptext10                  text10       0079AC
__ptext11                  text11       007A6A
__ptext12                  text12       007CB6
__ptext13                  text13       007A1C
__ptext14                  text14       00799C
__ptext15                  text15       007970
__ptext16                  text16       007A96
__ptext17                  text17       007962
__ptext18                  text18       0079FC
__ptext19                  text19       007A42
__ptext2                   text2        007DD8
__ptext20                  text20       007AC4
__ptext21                  text21       007D44
__ptext23                  text23       00798C
__ptext3                   text3        007EE0
__ptext4                   text4        00797E
__ptext5                   text5        007B38
__ptext6                   text6        007B7A
__ptext7                   text7        0079C4
__ptext8                   text8        007948
__ptext9                   text9        00793C
__ramtop                   ramtop       000800
__size_of_LCD_init         (abs)        000000
__size_of_PicIni21         (abs)        000000
__size_of_TIMER0_INI       (abs)        000000
__size_of___lwdiv          (abs)        000000
__size_of___lwmod          (abs)        000000
__size_of_char2LCD         (abs)        000000
__size_of_clear_LCD        (abs)        000000
__size_of_configbotones    (abs)        000000
__size_of_contadorf        (abs)        000000
__size_of_cursor           (abs)        000000
__size_of_ini              (abs)        000000
__size_of_main             (abs)        000000
__size_of_msg2LCD          (abs)        000000
__size_of_muestreocont     (abs)        000000
__size_of_muestreomensajes (abs)        000000
__size_of_myISR            (abs)        000000
__size_of_read_BUSY        (abs)        000000
__size_of_ret_HOME         (abs)        000000
__size_of_retrasos         (abs)        000000
__size_of_set_CURSOR       (abs)        000000
__size_of_tic_LCD          (abs)        000000
__size_of_write_CMD        (abs)        000000
__size_of_write_DATA       (abs)        000000
__size_of_write_LCD        (abs)        000000
__smallconst               smallconst   002018
_bot_tout                  bssCOMRAM    000021
_char2LCD                  text4        00797E
_clear_LCD                 text9        00793C
_col                       dataCOMRAM   00003F
_configbotones             text21       007D44
_cont                      bssCOMRAM    00001F
_contador                  dataCOMRAM   00003D
_contador2                 bssCOMRAM    00000B
_contador3                 bssCOMRAM    000009
_contadorf                 text20       007AC4
_cursor                    text13       007A1C
_delay_kb                  bssCOMRAM    000010
_desplazar_tout            bssCOMRAM    000001
_encoderTout               bssCOMRAM    000013
_fila                      dataCOMRAM   000040
_flag                      bssCOMRAM    00001E
_flagCanal                 bssCOMRAM    000012
_flag_kb                   bssCOMRAM    000011
_frecuencia                dataCOMRAM   000048
_ini                       text7        0079C4
_led_tout                  bssCOMRAM    00000D
_main                      text0        0079DE
_maximoEncoder             bssCOMRAM    000016
_minimoEncoder             bssCOMRAM    000015
_msg2LCD                   text16       007A96
_muestreocont              text3        007EE0
_muestreocont$2448         cstackBANK0  000066
_muestreocont$2449         cstackBANK0  000060
_muestreomensajes          text2        007DD8
_mux_tout                  bssCOMRAM    000022
_myISR                     intcode      002008
_posicionEncoder           bssCOMRAM    000014
_read_BUSY                 text19       007A42
_ret_HOME                  text8        007948
_retraso                   bssCOMRAM    000007
_retraso2                  bssCOMRAM    000005
_retrasos                  text1        007BCC
_sentido                   dataCOMRAM   000047
_set_CURSOR                text14       00799C
_teclas                    smallconst   002019
_tic_LCD                   text23       00798C
_write_CMD                 text15       007970
_write_DATA                text17       007962
_write_LCD                 text18       0079FC
btemp                      temp         00004C
char2LCD@dato              cstackCOMRAM 000033
configbotones@esta_bot     cstackCOMRAM 000031
configbotones@esta_bot2    cstackCOMRAM 000033
configbotones@esta_bot3    cstackCOMRAM 000035
debounce@cnt0              bssCOMRAM    000018
debounce@cnt1              bssCOMRAM    000017
debounce@state             bssCOMRAM    000019
end_of_initialization      cinit        007B2A
int$flags                  temp         00004C
int_func                   intcode_body 007C28
intlevel0                  text         000000
intlevel1                  text         000000
intlevel2                  text         000000
intlevel3                  text         000000
msg2LCD@datos              cstackCOMRAM 000033
muestreocont@centena       cstackBANK0  000063
muestreocont@decena        cstackBANK0  000064
muestreocont@umil          cstackBANK0  000062
muestreocont@unidad        cstackBANK0  000065
read_BUSY@aux              cstackCOMRAM 000031
set_CURSOR@posi            cstackCOMRAM 000033
stackhi                    (abs)        0007FF
stacklo                    (abs)        000068
start                      init         00200E
start_initialization       cinit        007AFE
tecla@status_KB            bssCOMRAM    00000F
tic_debounce@debounce_tic  dataCOMRAM   000042
tic_encoder@estado         dataCOMRAM   000041
write_CMD@dato             cstackCOMRAM 000032
write_DATA@dato            cstackCOMRAM 000032
write_LCD@dato             cstackCOMRAM 000031


FUNCTION INFORMATION:

 *************** function _main *****************
 Defined at:
		line 38 in file "main.c"
 Parameters:    Size  Location     Type
		None
 Auto vars:     Size  Location     Type
		None
 Return value:  Size  Location     Type
                  1    wreg      void 
 Registers used:
		wreg, status,2, status,0, tblptrl, tblptrh, tblptru, cstack
 Tracked objects:
		On entry : 
		On exit  : 
		Unchanged: 
 Data sizes:     COMRAM   BANK0   BANK1   BANK2   BANK3   BANK4   BANK5   BANK6   BANK7
      Params:         0       0       0       0       0       0       0       0       0
      Locals:         0       0       0       0       0       0       0       0       0
      Temps:          0       0       0       0       0       0       0       0       0
      Totals:         0       0       0       0       0       0       0       0       0
Total ram usage:        0 bytes
 Hardware stack levels required when called:    6
 This function calls:
		_configbotones
		_contadorf
		_cursor
		_ini
		_muestreocont
		_muestreomensajes
		_retrasos
 This function is called by:
		Startup code after reset
 This function uses a non-reentrant model


 *************** function _retrasos *****************
 Defined at:
		line 182 in file "main.c"
 Parameters:    Size  Location     Type
		None
 Auto vars:     Size  Location     Type
		None
 Return value:  Size  Location     Type
                  1    wreg      void 
 Registers used:
		wreg, status,2, status,0
 Tracked objects:
		On entry : 
		On exit  : 
		Unchanged: 
 Data sizes:     COMRAM   BANK0   BANK1   BANK2   BANK3   BANK4   BANK5   BANK6   BANK7
      Params:         0       0       0       0       0       0       0       0       0
      Locals:         0       0       0       0       0       0       0       0       0
      Temps:          0       0       0       0       0       0       0       0       0
      Totals:         0       0       0       0       0       0       0       0       0
Total ram usage:        0 bytes
 Hardware stack levels used:    1
 Hardware stack levels required when called:    2
 This function calls:
		Nothing
 This function is called by:
		_main
 This function uses a non-reentrant model


 *************** function _muestreomensajes *****************
 Defined at:
		line 193 in file "main.c"
 Parameters:    Size  Location     Type
		None
 Auto vars:     Size  Location     Type
		None
 Return value:  Size  Location     Type
                  1    wreg      void 
 Registers used:
		wreg, status,2, status,0, tblptrl, tblptrh, tblptru, cstack
 Tracked objects:
		On entry : 
		On exit  : 
		Unchanged: 
 Data sizes:     COMRAM   BANK0   BANK1   BANK2   BANK3   BANK4   BANK5   BANK6   BANK7
      Params:         0       0       0       0       0       0       0       0       0
      Locals:         0       0       0       0       0       0       0       0       0
      Temps:          2       0       0       0       0       0       0       0       0
      Totals:         2       0       0       0       0       0       0       0       0
Total ram usage:        2 bytes
 Hardware stack levels used:    1
 Hardware stack levels required when called:    5
 This function calls:
		_msg2LCD
		_set_CURSOR
 This function is called by:
		_main
 This function uses a non-reentrant model


 *************** function _muestreocont *****************
 Defined at:
		line 102 in file "main.c"
 Parameters:    Size  Location     Type
		None
 Auto vars:     Size  Location     Type
  unidad          1    5[BANK0 ] unsigned char 
  decena          1    4[BANK0 ] unsigned char 
  centena         1    3[BANK0 ] unsigned char 
  umil            1    2[BANK0 ] unsigned char 
 Return value:  Size  Location     Type
                  1    wreg      void 
 Registers used:
		wreg, status,2, status,0, cstack
 Tracked objects:
		On entry : 
		On exit  : 
		Unchanged: 
 Data sizes:     COMRAM   BANK0   BANK1   BANK2   BANK3   BANK4   BANK5   BANK6   BANK7
      Params:         0       0       0       0       0       0       0       0       0
      Locals:         0       8       0       0       0       0       0       0       0
      Temps:          0       0       0       0       0       0       0       0       0
      Totals:         0       8       0       0       0       0       0       0       0
Total ram usage:        8 bytes
 Hardware stack levels used:    1
 Hardware stack levels required when called:    5
 This function calls:
		___lwdiv
		___lwmod
		_char2LCD
		_set_CURSOR
 This function is called by:
		_main
 This function uses a non-reentrant model


 *************** function _char2LCD *****************
 Defined at:
		line 37 in file "lcd.c"
 Parameters:    Size  Location     Type
  dato            1    wreg     unsigned char 
 Auto vars:     Size  Location     Type
  dato            1   16[COMRAM] unsigned char 
 Return value:  Size  Location     Type
                  1    wreg      void 
 Registers used:
		wreg, status,2, status,0, cstack
 Tracked objects:
		On entry : 
		On exit  : 
		Unchanged: 
 Data sizes:     COMRAM   BANK0   BANK1   BANK2   BANK3   BANK4   BANK5   BANK6   BANK7
      Params:         0       0       0       0       0       0       0       0       0
      Locals:         1       0       0       0       0       0       0       0       0
      Temps:          0       0       0       0       0       0       0       0       0
      Totals:         1       0       0       0       0       0       0       0       0
Total ram usage:        1 bytes
 Hardware stack levels used:    1
 Hardware stack levels required when called:    4
 This function calls:
		_read_BUSY
		_write_DATA
 This function is called by:
		_muestreocont
 This function uses a non-reentrant model


 *************** function ___lwmod *****************
 Defined at:
		line 8 in file "C:\Program Files (x86)\Microchip\xc8\v1.42\sources\common\lwmod.c"
 Parameters:    Size  Location     Type
  dividend        2   14[COMRAM] unsigned int 
  divisor         2   16[COMRAM] unsigned int 
 Auto vars:     Size  Location     Type
  counter         1   18[COMRAM] unsigned char 
 Return value:  Size  Location     Type
                  2   14[COMRAM] unsigned int 
 Registers used:
		wreg, status,2, status,0
 Tracked objects:
		On entry : 
		On exit  : 
		Unchanged: 
 Data sizes:     COMRAM   BANK0   BANK1   BANK2   BANK3   BANK4   BANK5   BANK6   BANK7
      Params:         4       0       0       0       0       0       0       0       0
      Locals:         1       0       0       0       0       0       0       0       0
      Temps:          0       0       0       0       0       0       0       0       0
      Totals:         5       0       0       0       0       0       0       0       0
Total ram usage:        5 bytes
 Hardware stack levels used:    1
 Hardware stack levels required when called:    2
 This function calls:
		Nothing
 This function is called by:
		_muestreocont
 This function uses a non-reentrant model


 *************** function ___lwdiv *****************
 Defined at:
		line 8 in file "C:\Program Files (x86)\Microchip\xc8\v1.42\sources\common\lwdiv.c"
 Parameters:    Size  Location     Type
  dividend        2   19[COMRAM] unsigned int 
  divisor         2   21[COMRAM] unsigned int 
 Auto vars:     Size  Location     Type
  quotient        2   24[COMRAM] unsigned int 
  counter         1   23[COMRAM] unsigned char 
 Return value:  Size  Location     Type
                  2   19[COMRAM] unsigned int 
 Registers used:
		wreg, status,2, status,0
 Tracked objects:
		On entry : 
		On exit  : 
		Unchanged: 
 Data sizes:     COMRAM   BANK0   BANK1   BANK2   BANK3   BANK4   BANK5   BANK6   BANK7
      Params:         4       0       0       0       0       0       0       0       0
      Locals:         3       0       0       0       0       0       0       0       0
      Temps:          0       0       0       0       0       0       0       0       0
      Totals:         7       0       0       0       0       0       0       0       0
Total ram usage:        7 bytes
 Hardware stack levels used:    1
 Hardware stack levels required when called:    2
 This function calls:
		Nothing
 This function is called by:
		_muestreocont
 This function uses a non-reentrant model


 *************** function _ini *****************
 Defined at:
		line 82 in file "main.c"
 Parameters:    Size  Location     Type
		None
 Auto vars:     Size  Location     Type
		None
 Return value:  Size  Location     Type
                  1    wreg      void 
 Registers used:
		wreg, status,2, status,0, cstack
 Tracked objects:
		On entry : 
		On exit  : 
		Unchanged: 
 Data sizes:     COMRAM   BANK0   BANK1   BANK2   BANK3   BANK4   BANK5   BANK6   BANK7
      Params:         0       0       0       0       0       0       0       0       0
      Locals:         0       0       0       0       0       0       0       0       0
      Temps:          0       0       0       0       0       0       0       0       0
      Totals:         0       0       0       0       0       0       0       0       0
Total ram usage:        0 bytes
 Hardware stack levels used:    1
 Hardware stack levels required when called:    5
 This function calls:
		_LCD_init
		_PicIni21
		_TIMER0_INI
		_clear_LCD
		_ret_HOME
 This function is called by:
		_main
 This function uses a non-reentrant model


 *************** function _ret_HOME *****************
 Defined at:
		line 50 in file "lcd.c"
 Parameters:    Size  Location     Type
		None
 Auto vars:     Size  Location     Type
		None
 Return value:  Size  Location     Type
                  1    wreg      void 
 Registers used:
		wreg, status,2, status,0, cstack
 Tracked objects:
		On entry : 
		On exit  : 
		Unchanged: 
 Data sizes:     COMRAM   BANK0   BANK1   BANK2   BANK3   BANK4   BANK5   BANK6   BANK7
      Params:         0       0       0       0       0       0       0       0       0
      Locals:         0       0       0       0       0       0       0       0       0
      Temps:          0       0       0       0       0       0       0       0       0
      Totals:         0       0       0       0       0       0       0       0       0
Total ram usage:        0 bytes
 Hardware stack levels used:    1
 Hardware stack levels required when called:    4
 This function calls:
		_read_BUSY
		_write_CMD
 This function is called by:
		_ini
 This function uses a non-reentrant model


 *************** function _clear_LCD *****************
 Defined at:
		line 44 in file "lcd.c"
 Parameters:    Size  Location     Type
		None
 Auto vars:     Size  Location     Type
		None
 Return value:  Size  Location     Type
                  1    wreg      void 
 Registers used:
		wreg, status,2, status,0, cstack
 Tracked objects:
		On entry : 
		On exit  : 
		Unchanged: 
 Data sizes:     COMRAM   BANK0   BANK1   BANK2   BANK3   BANK4   BANK5   BANK6   BANK7
      Params:         0       0       0       0       0       0       0       0       0
      Locals:         0       0       0       0       0       0       0       0       0
      Temps:          0       0       0       0       0       0       0       0       0
      Totals:         0       0       0       0       0       0       0       0       0
Total ram usage:        0 bytes
 Hardware stack levels used:    1
 Hardware stack levels required when called:    4
 This function calls:
		_read_BUSY
		_write_CMD
 This function is called by:
		_ini
 This function uses a non-reentrant model


 *************** function _TIMER0_INI *****************
 Defined at:
		line 14 in file "Tecnica1.c"
 Parameters:    Size  Location     Type
		None
 Auto vars:     Size  Location     Type
		None
 Return value:  Size  Location     Type
                  1    wreg      void 
 Registers used:
		wreg, status,2
 Tracked objects:
		On entry : 
		On exit  : 
		Unchanged: 
 Data sizes:     COMRAM   BANK0   BANK1   BANK2   BANK3   BANK4   BANK5   BANK6   BANK7
      Params:         0       0       0       0       0       0       0       0       0
      Locals:         0       0       0       0       0       0       0       0       0
      Temps:          0       0       0       0       0       0       0       0       0
      Totals:         0       0       0       0       0       0       0       0       0
Total ram usage:        0 bytes
 Hardware stack levels used:    1
 Hardware stack levels required when called:    2
 This function calls:
		Nothing
 This function is called by:
		_ini
 This function uses a non-reentrant model


 *************** function _PicIni21 *****************
 Defined at:
		line 3 in file "ConfShield2_1.c"
 Parameters:    Size  Location     Type
		None
 Auto vars:     Size  Location     Type
		None
 Return value:  Size  Location     Type
                  1    wreg      void 
 Registers used:
		wreg, status,2
 Tracked objects:
		On entry : 
		On exit  : 
		Unchanged: 
 Data sizes:     COMRAM   BANK0   BANK1   BANK2   BANK3   BANK4   BANK5   BANK6   BANK7
      Params:         0       0       0       0       0       0       0       0       0
      Locals:         0       0       0       0       0       0       0       0       0
      Temps:          0       0       0       0       0       0       0       0       0
      Totals:         0       0       0       0       0       0       0       0       0
Total ram usage:        0 bytes
 Hardware stack levels used:    1
 Hardware stack levels required when called:    2
 This function calls:
		Nothing
 This function is called by:
		_ini
 This function uses a non-reentrant model


 *************** function _LCD_init *****************
 Defined at:
		line 67 in file "lcd.c"
 Parameters:    Size  Location     Type
		None
 Auto vars:     Size  Location     Type
		None
 Return value:  Size  Location     Type
                  1    wreg      void 
 Registers used:
		wreg, status,2, status,0, cstack
 Tracked objects:
		On entry : 
		On exit  : 
		Unchanged: 
 Data sizes:     COMRAM   BANK0   BANK1   BANK2   BANK3   BANK4   BANK5   BANK6   BANK7
      Params:         0       0       0       0       0       0       0       0       0
      Locals:         0       0       0       0       0       0       0       0       0
      Temps:          0       0       0       0       0       0       0       0       0
      Totals:         0       0       0       0       0       0       0       0       0
Total ram usage:        0 bytes
 Hardware stack levels used:    1
 Hardware stack levels required when called:    4
 This function calls:
		_read_BUSY
		_write_CMD
 This function is called by:
		_ini
 This function uses a non-reentrant model


 *************** function _cursor *****************
 Defined at:
		line 92 in file "main.c"
 Parameters:    Size  Location     Type
		None
 Auto vars:     Size  Location     Type
		None
 Return value:  Size  Location     Type
                  1    wreg      void 
 Registers used:
		wreg, status,2, status,0, tblptrl, tblptrh, tblptru, cstack
 Tracked objects:
		On entry : 
		On exit  : 
		Unchanged: 
 Data sizes:     COMRAM   BANK0   BANK1   BANK2   BANK3   BANK4   BANK5   BANK6   BANK7
      Params:         0       0       0       0       0       0       0       0       0
      Locals:         0       0       0       0       0       0       0       0       0
      Temps:          0       0       0       0       0       0       0       0       0
      Totals:         0       0       0       0       0       0       0       0       0
Total ram usage:        0 bytes
 Hardware stack levels used:    1
 Hardware stack levels required when called:    5
 This function calls:
		_msg2LCD
		_set_CURSOR
 This function is called by:
		_main
 This function uses a non-reentrant model


 *************** function _set_CURSOR *****************
 Defined at:
		line 56 in file "lcd.c"
 Parameters:    Size  Location     Type
  posi            1    wreg     unsigned char 
 Auto vars:     Size  Location     Type
  posi            1   16[COMRAM] unsigned char 
 Return value:  Size  Location     Type
                  1    wreg      void 
 Registers used:
		wreg, status,2, status,0, cstack
 Tracked objects:
		On entry : 
		On exit  : 
		Unchanged: 
 Data sizes:     COMRAM   BANK0   BANK1   BANK2   BANK3   BANK4   BANK5   BANK6   BANK7
      Params:         0       0       0       0       0       0       0       0       0
      Locals:         1       0       0       0       0       0       0       0       0
      Temps:          0       0       0       0       0       0       0       0       0
      Totals:         1       0       0       0       0       0       0       0       0
Total ram usage:        1 bytes
 Hardware stack levels used:    1
 Hardware stack levels required when called:    4
 This function calls:
		_read_BUSY
		_write_CMD
 This function is called by:
		_cursor
		_muestreocont
		_muestreomensajes
 This function uses a non-reentrant model


 *************** function _write_CMD *****************
 Defined at:
		line 110 in file "lcd.c"
 Parameters:    Size  Location     Type
  dato            1    wreg     unsigned char 
 Auto vars:     Size  Location     Type
  dato            1   15[COMRAM] unsigned char 
 Return value:  Size  Location     Type
                  1    wreg      void 
 Registers used:
		wreg, status,2, status,0, cstack
 Tracked objects:
		On entry : 
		On exit  : 
		Unchanged: 
 Data sizes:     COMRAM   BANK0   BANK1   BANK2   BANK3   BANK4   BANK5   BANK6   BANK7
      Params:         0       0       0       0       0       0       0       0       0
      Locals:         1       0       0       0       0       0       0       0       0
      Temps:          0       0       0       0       0       0       0       0       0
      Totals:         1       0       0       0       0       0       0       0       0
Total ram usage:        1 bytes
 Hardware stack levels used:    1
 Hardware stack levels required when called:    3
 This function calls:
		_write_LCD
 This function is called by:
		_clear_LCD
		_ret_HOME
		_set_CURSOR
		_LCD_init
		_DesplazarIzquierda
 This function uses a non-reentrant model


 *************** function _msg2LCD *****************
 Defined at:
		line 27 in file "lcd.c"
 Parameters:    Size  Location     Type
  datos           2   16[COMRAM] PTR const unsigned char 
		 -> STR_8(17), STR_7(17), STR_6(17), STR_5(17), 
		 -> STR_4(17), STR_3(17), STR_2(2), STR_1(7), 
 Auto vars:     Size  Location     Type
		None
 Return value:  Size  Location     Type
                  1    wreg      void 
 Registers used:
		wreg, status,2, status,0, tblptrl, tblptrh, tblptru, cstack
 Tracked objects:
		On entry : 
		On exit  : 
		Unchanged: 
 Data sizes:     COMRAM   BANK0   BANK1   BANK2   BANK3   BANK4   BANK5   BANK6   BANK7
      Params:         2       0       0       0       0       0       0       0       0
      Locals:         0       0       0       0       0       0       0       0       0
      Temps:          0       0       0       0       0       0       0       0       0
      Totals:         2       0       0       0       0       0       0       0       0
Total ram usage:        2 bytes
 Hardware stack levels used:    1
 Hardware stack levels required when called:    4
 This function calls:
		_read_BUSY
		_write_DATA
 This function is called by:
		_cursor
		_muestreomensajes
 This function uses a non-reentrant model


 *************** function _write_DATA *****************
 Defined at:
		line 101 in file "lcd.c"
 Parameters:    Size  Location     Type
  dato            1    wreg     unsigned char 
 Auto vars:     Size  Location     Type
  dato            1   15[COMRAM] unsigned char 
 Return value:  Size  Location     Type
                  1    wreg      void 
 Registers used:
		wreg, status,2, status,0, cstack
 Tracked objects:
		On entry : 
		On exit  : 
		Unchanged: 
 Data sizes:     COMRAM   BANK0   BANK1   BANK2   BANK3   BANK4   BANK5   BANK6   BANK7
      Params:         0       0       0       0       0       0       0       0       0
      Locals:         1       0       0       0       0       0       0       0       0
      Temps:          0       0       0       0       0       0       0       0       0
      Totals:         1       0       0       0       0       0       0       0       0
Total ram usage:        1 bytes
 Hardware stack levels used:    1
 Hardware stack levels required when called:    3
 This function calls:
		_write_LCD
 This function is called by:
		_msg2LCD
		_char2LCD
 This function uses a non-reentrant model


 *************** function _write_LCD *****************
 Defined at:
		line 119 in file "lcd.c"
 Parameters:    Size  Location     Type
  dato            1    wreg     unsigned char 
 Auto vars:     Size  Location     Type
  dato            1   14[COMRAM] unsigned char 
 Return value:  Size  Location     Type
                  1    wreg      void 
 Registers used:
		wreg, status,2, status,0
 Tracked objects:
		On entry : 
		On exit  : 
		Unchanged: 
 Data sizes:     COMRAM   BANK0   BANK1   BANK2   BANK3   BANK4   BANK5   BANK6   BANK7
      Params:         0       0       0       0       0       0       0       0       0
      Locals:         1       0       0       0       0       0       0       0       0
      Temps:          0       0       0       0       0       0       0       0       0
      Totals:         1       0       0       0       0       0       0       0       0
Total ram usage:        1 bytes
 Hardware stack levels used:    1
 Hardware stack levels required when called:    2
 This function calls:
		Nothing
 This function is called by:
		_write_DATA
		_write_CMD
 This function uses a non-reentrant model


 *************** function _read_BUSY *****************
 Defined at:
		line 140 in file "lcd.c"
 Parameters:    Size  Location     Type
		None
 Auto vars:     Size  Location     Type
  aux             1   14[COMRAM] unsigned char 
 Return value:  Size  Location     Type
                  1    wreg      void 
 Registers used:
		wreg, status,2, status,0
 Tracked objects:
		On entry : 
		On exit  : 
		Unchanged: 
 Data sizes:     COMRAM   BANK0   BANK1   BANK2   BANK3   BANK4   BANK5   BANK6   BANK7
      Params:         0       0       0       0       0       0       0       0       0
      Locals:         1       0       0       0       0       0       0       0       0
      Temps:          0       0       0       0       0       0       0       0       0
      Totals:         1       0       0       0       0       0       0       0       0
Total ram usage:        1 bytes
 Hardware stack levels used:    1
 Hardware stack levels required when called:    2
 This function calls:
		Nothing
 This function is called by:
		_msg2LCD
		_char2LCD
		_clear_LCD
		_ret_HOME
		_set_CURSOR
		_LCD_init
		_DesplazarIzquierda
 This function uses a non-reentrant model


 *************** function _contadorf *****************
 Defined at:
		line 125 in file "main.c"
 Parameters:    Size  Location     Type
		None
 Auto vars:     Size  Location     Type
		None
 Return value:  Size  Location     Type
                  1    wreg      void 
 Registers used:
		wreg, status,2, status,0
 Tracked objects:
		On entry : 
		On exit  : 
		Unchanged: 
 Data sizes:     COMRAM   BANK0   BANK1   BANK2   BANK3   BANK4   BANK5   BANK6   BANK7
      Params:         0       0       0       0       0       0       0       0       0
      Locals:         0       0       0       0       0       0       0       0       0
      Temps:          0       0       0       0       0       0       0       0       0
      Totals:         0       0       0       0       0       0       0       0       0
Total ram usage:        0 bytes
 Hardware stack levels used:    1
 Hardware stack levels required when called:    2
 This function calls:
		Nothing
 This function is called by:
		_main
 This function uses a non-reentrant model


 *************** function _configbotones *****************
 Defined at:
		line 141 in file "main.c"
 Parameters:    Size  Location     Type
		None
 Auto vars:     Size  Location     Type
  esta_bot3       2   18[COMRAM] unsigned int 
  esta_bot2       2   16[COMRAM] unsigned int 
  esta_bot        2   14[COMRAM] unsigned int 
 Return value:  Size  Location     Type
                  1    wreg      void 
 Registers used:
		wreg, status,2, status,0
 Tracked objects:
		On entry : 
		On exit  : 
		Unchanged: 
 Data sizes:     COMRAM   BANK0   BANK1   BANK2   BANK3   BANK4   BANK5   BANK6   BANK7
      Params:         0       0       0       0       0       0       0       0       0
      Locals:         6       0       0       0       0       0       0       0       0
      Temps:          0       0       0       0       0       0       0       0       0
      Totals:         6       0       0       0       0       0       0       0       0
Total ram usage:        6 bytes
 Hardware stack levels used:    1
 Hardware stack levels required when called:    2
 This function calls:
		Nothing
 This function is called by:
		_main
 This function uses a non-reentrant model


 *************** function _myISR *****************
 Defined at:
		line 67 in file "main.c"
 Parameters:    Size  Location     Type
		None
 Auto vars:     Size  Location     Type
		None
 Return value:  Size  Location     Type
                  1    wreg      void 
 Registers used:
		wreg, status,2, status,0, cstack
 Tracked objects:
		On entry : 
		On exit  : 
		Unchanged: 
 Data sizes:     COMRAM   BANK0   BANK1   BANK2   BANK3   BANK4   BANK5   BANK6   BANK7
      Params:         0       0       0       0       0       0       0       0       0
      Locals:         0       0       0       0       0       0       0       0       0
      Temps:         14       0       0       0       0       0       0       0       0
      Totals:        14       0       0       0       0       0       0       0       0
Total ram usage:       14 bytes
 Hardware stack levels used:    1
 Hardware stack levels required when called:    1
 This function calls:
		_tic_LCD
 This function is called by:
		Interrupt level 2
 This function uses a non-reentrant model


 *************** function _tic_LCD *****************
 Defined at:
		line 159 in file "lcd.c"
 Parameters:    Size  Location     Type
		None
 Auto vars:     Size  Location     Type
		None
 Return value:  Size  Location     Type
                  1    wreg      void 
 Registers used:
		wreg, status,2, status,0
 Tracked objects:
		On entry : 
		On exit  : 
		Unchanged: 
 Data sizes:     COMRAM   BANK0   BANK1   BANK2   BANK3   BANK4   BANK5   BANK6   BANK7
      Params:         0       0       0       0       0       0       0       0       0
      Locals:         0       0       0       0       0       0       0       0       0
      Temps:          0       0       0       0       0       0       0       0       0
      Totals:         0       0       0       0       0       0       0       0       0
Total ram usage:        0 bytes
 Hardware stack levels used:    1
 This function calls:
		Nothing
 This function is called by:
		_myISR
 This function uses a non-reentrant model



MODULE INFORMATION

Module		Function		Class		Link	Load	Size
C:\Program Files (x86)\Microchip\xc8\v1.42\sources\common\lwdiv.c
		___lwdiv       		CODE           	7B7A	0000	83

C:\Program Files (x86)\Microchip\xc8\v1.42\sources\common\lwdiv.c estimated size: 83

ConfShield2_1.c
		_PicIni21      		CODE           	7A6A	0000	45

ConfShield2_1.c estimated size: 45

shared
		_teclas        		SMALLCONST     	2019	0000	13
		__initialization		CODE           	7AFE	0000	45

shared estimated size: 58

Tecnica1.c
		_TIMER0_INI    		CODE           	79AC	0000	25

Tecnica1.c estimated size: 25

C:\Program Files (x86)\Microchip\xc8\v1.42\sources\common\lwmod.c
		___lwmod       		CODE           	7B38	0000	67

C:\Program Files (x86)\Microchip\xc8\v1.42\sources\common\lwmod.c estimated size: 67

lcd.c
		_write_DATA    		CODE           	7962	0000	15
		_ret_HOME      		CODE           	7948	0000	13
		_char2LCD      		CODE           	797E	0000	15
		_msg2LCD       		CODE           	7A96	0000	47
		_write_CMD     		CODE           	7970	0000	15
		_LCD_init      		CODE           	7CB6	0000	143
		_write_LCD     		CODE           	79FC	0000	33
		_clear_LCD     		CODE           	793C	0000	13
		_read_BUSY     		CODE           	7A42	0000	41
		_set_CURSOR    		CODE           	799C	0000	17
		_tic_LCD       		CODE           	798C	0000	17

lcd.c estimated size: 369

main.c
		_ini           		CODE           	79C4	0000	27
		_configbotones 		CODE           	7D44	0000	149
		_myISR         		CODE           	2008	0000	149
		_main          		CODE           	79DE	0000	31
		_contadorf     		CODE           	7AC4	0000	59
		_muestreocont  		CODE           	7EE0	0000	289
		_cursor        		CODE           	7A1C	0000	39
		_muestreomensajes		CODE           	7DD8	0000	265
		_retrasos      		CODE           	7BCC	0000	93

main.c estimated size: 1101

